// Jest Snapshot v1, https://goo.gl/fbAQLP

exports[`PokemonPicture componet debe de hacer match con el snapshot 1`] = `
<div class="pokemon-container">
  <!--Imagen del pokemon en negro--><img src="https://raw.githubusercontent.com/PokeAPI/sprites/master/sprites/pokemon/other/dream-world/1.svg" class="hidden-pokemon" alt="pokemon">
</div>
`;
