// Jest Snapshot v1, https://goo.gl/fbAQLP

exports[`PokemonOption Component debe de hacer match con el snapshot 1`] = `
<div class="options-container">
  <ul>
    <li>
      <!--Cuando se haga click en un li se disparar치 el evento selection-->bulbasaur
    </li>
    <li>
      <!--Cuando se haga click en un li se disparar치 el evento selection-->ivysaur
    </li>
    <li>
      <!--Cuando se haga click en un li se disparar치 el evento selection-->venusaur
    </li>
    <li>
      <!--Cuando se haga click en un li se disparar치 el evento selection-->charmander
    </li>
  </ul>
</div>
`;
